// Vitest Snapshot v1, https://vitest.dev/guide/snapshot.html

exports[`loadFoodData > 主要食材の pricePer100 スナップショット 1`] = `
{
  "うるち米(単一原料米,｢コシヒカリ｣)": 97.37,
  "うるち米(単一原料米,｢コシヒカリ｣以外)": 93.9,
  "じゃがいも": 63.17,
  "たまねぎ": 44.03,
  "にんじん": 52.33,
  "キャベツ": 20.83,
  "トマト": 74.67,
  "バナナ": 35.9,
  "ブロッコリー": 76.63,
  "大豆": 59.6,
  "納豆": 69.78,
  "豆腐": 28.9,
  "食パン": 53.43,
}
`;
