// Vitest Snapshot v1, https://vitest.dev/guide/snapshot.html

exports[`loadFoodData > 主要食材の pricePer100 スナップショット 1`] = `
{
  "うるち米(単一原料米,｢コシヒカリ｣)": 97.37,
  "うるち米(単一原料米,｢コシヒカリ｣以外)": 93.9,
  "じゃがいも": 63.8,
  "たまねぎ": 46.84,
  "にんじん": 53.95,
  "キャベツ": 24.51,
  "トマト": 76.19,
  "バナナ": 59.83,
  "ブロッコリー": 117.9,
  "大豆": 59.6,
  "納豆": 69.78,
  "豆腐": 28.9,
  "食パン": 53.43,
}
`;
